111-222-333   faked   testdevice   foo bar   123345
