- context:
    foo: bar
  deviceType: faked
  id: "123"
  timestamp: "2019-04-22T13:30:00Z"
  type: faked
  unit: {}
  value: 23
