- created: "2019-04-22T13:30:00Z"
  id: "123456"
  status: 3
  timeout: 30s
  updated: "2019-04-22T13:30:00Z"
- created: "2019-04-22T13:30:00Z"
  id: "123456"
  status: 3
  timeout: 30s
  updated: "2019-04-22T13:30:00Z"
