TRANSACTION   ACTION   DATA   DEVICE
123456        foo      foo    987654
