Error: accepts between 2 and 3 arg(s), received 4
Usage:
  write DEVICE ACTION [DATA] [flags]

Flags:
  -h, --help        help for write
      --json        print output as JSON
  -n, --no-header   do not print out column headers
  -w, --wait        wait for the write to complete
      --yaml        print output as YAML

