no active host is set - use the 'synse hosts' command to set the active host
