{
  "board": "board-1",
  "location": {
    "rack": "rack-1"
  },
  "devices": [
    "device-1",
    "device-2",
    "device-3",
    "device-4",
    "device-5",
    "device-6",
    "device-7",
    "device-8"
  ]
}