command 'info' requires between 1 and 3 arguments, 0 given
