name: sample-tcp
tag: vaporio/emulator-plugin
description: A sample emulator plugin
maintainer: vaporio
vcs: github.com/vapor-ware/synse-emulator-plugin
network:
  protocol: tcp
  address: emulator-plugin:5001
version:
  plugin_version: 2.0.0
  sdk_version: 1.0.0
  build_date: 2018-06-25T14:39:18
  git_commit: 4831f12
  git_tag: 1.0.2-8-g4831f12
  arch: amd64
  os: linux
