RACK      BOARD     DEVICE     INFO                        TYPE          VALUE     UNIT      TIMESTAMP
rack-1    board-1   device-1   mock temperature response   temperature   65        C         Thu Nov  1 12:41:50 UTC 2018
rack-1    board-1   device-1   mock temperature response   temperature   66        C         Sun Nov 11 12:41:50 UTC 2018
