command 'read' requires exactly 3 arguments, 4 given
