- location:
    rack: rack-1
    board: board-1
    device: device-1
  info: mock temperature response
  type: temperature
  value: "65"
  unit: C
  timestamp: Thu Nov  1 12:41:50 UTC 2018
- location:
    rack: rack-1
    board: board-1
    device: device-1
  info: mock temperature response
  type: temperature
  value: "66"
  unit: C
  timestamp: Sun Nov 11 12:41:50 UTC 2018
