info: mock temperature response
type: temperature
value: "65"
unit: C
timestamp: Thu Jun 28 12:41:50 UTC 2018
