[
  {
    "info": "Mock info 1",
    "type": "state.foo",
    "value": "65",
    "unit": "C",
    "timestamp": "Thu Jun 28 12:41:50 UTC 2018"
  },
  {
    "info": "Mock info 2",
    "type": "state.bar",
    "value": "149",
    "unit": "F",
    "timestamp": "Thu Jun 28 12:41:50 UTC 2018"
  }
]