command 'read' requires exactly 3 arguments, 0 given
