INFO                        TYPE          VALUE     UNIT      TIMESTAMP
mock temperature response   temperature   65        C         Thu Jun 28 12:41:50 UTC 2018
