{
  "status": "ok",
  "timestamp": "2018-01-01 01:01:01.000000"
}