STATUS    STATE     CREATED                        UPDATED                        MESSAGE
done      ok        Thu Jun 28 12:59:47 UTC 2018   Thu Jun 28 12:59:47 UTC 2018   ok
