command 'write' requires between 4 and 5 arguments, 0 given
