command 'add' requires exactly 2 arguments, 0 given
