command 'change' requires exactly 1 arguments, 0 given
