command 'delete' requires exactly 1 arguments, 2 given
