  NAME    ADDRESS
  test1   addr
  test2   addr
  test3   addr
  test4   addr
