Error: no current context is set (see 'synse context set')
