Error: cannot set 'foo' as current context: no such context
