Error: cannot unset 'foo' from current context: no such context
