STATUS   HEALTHY   UNHEALTHY   ACTIVE   INACTIVE
OK       1         0           1        0
