ACTIVE   ID            VERSION   TAG                    DESCRIPTION
✓        123-456-789   0.0.1     vaporio/fake_plugin    a fake plugin
✓        987-654-321   0.0.1     vaporio/fake_plugin2   a fake plugin
