Error: cannot use multiple formatting flags at once
