Error: cannot specify device IDs and device tags together
