DEVICE_ID     TYPE    INFO
111-222-333   faked   a fake device
444-555-666   faked   a fake device
