- id: abc-def
  device: 111-222-333
  context:
    action: foo
    data: bar
  timeout: 10s
- id: fed-cba
  device: 111-222-333
  context:
    action: foo
    data: baz
  timeout: 10s
