rpc error: code = Unavailable desc = all SubConns are in TransientFailure, latest connection error: connection error: desc = "transport: Error while dialing dial unix tmp/nonexistent: connect: no such file or directory"
