rpc error: code = Unavailable desc = all SubConns are in TransientFailure
